// Jest Snapshot v1, https://goo.gl/fbAQLP

exports[`Pruebas en GifGridItem Debe dibujar correctamente el componente 1`] = `
<div
  className="card animate__animated animate__fadeIn"
>
  <img
    alt="Un titulo"
    src="https://localhos/imagen.jpg"
  />
  <p>
    Un titulo
  </p>
</div>
`;
